
> nexrig-ai-pc-builder@0.1.0 dev:web
> vite

[2m1:57:02 AM[22m [36m[1m[vite][22m[39m [90m[2m(client)[22m[39m Re-optimizing dependencies because vite config has changed

  [32m[1mVITE[22m v8.1.5[39m  [2mready in [0m[1m24840[22m[2m[0m ms[22m

  [32m➜[39m  [1mLocal[22m:   [36mhttp://127.0.0.1:[1m5173[22m/[39m
[2m[32m  ➜[39m[22m[2m  press [22m[1mh + enter[22m[2m to show help[22m
[2m1:57:05 AM[22m [36m[1m[vite][22m[39m [90m[2m(client)[22m[39m [optimizer] scanning dependencies...
[2m1:57:30 AM[22m [36m[1m[vite][22m[39m [90m[2m(client)[22m[39m [optimizer] bundling dependencies...
[2m2:56:40 AM[22m [36m[1m[vite][22m[39m [90m[2m(client)[22m[39m [32mhmr update [39m[2m/app/page.tsx[22m
[2m2:56:40 AM[22m [36m[1m[vite][22m[39m [90m[2m(client)[22m[39m [32mhmr update [39m[2m/app/page.tsx[22m
[2m2:57:39 AM[22m [36m[1m[vite][22m[39m [90m[2m(client)[22m[39m [32mhmr update [39m[2m/app/globals.css[22m
[2m2:58:22 AM[22m [36m[1m[vite][22m[39m [32m.env changed, restarting server...[39m
[2m2:58:42 AM[22m [36m[1m[vite][22m[39m [90m[2m(client)[22m[39m Re-optimizing dependencies because lockfile has changed
[2m2:58:43 AM[22m [36m[1m[vite][22m[39m server restarted.
[2m2:58:44 AM[22m [36m[1m[vite][22m[39m [90m[2m(client)[22m[39m [optimizer] scanning dependencies...
[2m2:59:59 AM[22m [36m[1m[vite][22m[39m [90m[2m(client)[22m[39m [optimizer] bundling dependencies...
[2m3:27:44 AM[22m [36m[1m[vite][22m[39m [32mvite.config.ts changed, restarting server...[39m
[2m3:27:45 AM[22m [36m[1m[vite][22m[39m [32mvite.config.ts changed, restarting server...[39m
[2m3:28:04 AM[22m [36m[1m[vite][22m[39m server restarted.

  [32m➜[39m  [1mLocal[22m:   [36mhttp://localhost:[1m5173[22m/[39m

  [32m➜[39m  [1mLocal[22m:   [36mhttp://localhost:[1m5173[22m/[39m
[2m3:28:05 AM[22m [36m[1m[vite][22m[39m [90m[2m(client)[22m[39m [optimizer] scanning dependencies...
[2m3:29:00 AM[22m [36m[1m[vite][22m[39m [32m.env changed, restarting server...[39m
[2m3:29:40 AM[22m [36m[1m[vite][22m[39m [90m[2m(client)[22m[39m [optimizer] bundling dependencies...
[33m[PLUGIN_TIMINGS] [0mYour build spent significant time in plugin `externalize-deps`. See https://rolldown.rs/reference/InputOptions.checks#plugintimings for more details.

node:internal/fs/watchers:254
    const error = new UVException({
                  ^

Error: UNKNOWN: unknown error, watch 'C:\Users\user\Ai PC builder\.venv\Lib\site-packages\pip\_internal\commands\index.py'
    at FSWatcher.<computed> (node:internal/fs/watchers:254:19)
    at Object.watch (node:fs:2539:36)
    at createFsWatchInstance (file:///C:/Users/user/Ai%20PC%20builder/node_modules/vite/dist/node/chunks/node.js:9201:16)
    at setFsWatchListener (file:///C:/Users/user/Ai%20PC%20builder/node_modules/vite/dist/node/chunks/node.js:9243:14)
    at NodeFsHandler._watchWithNodeFs (file:///C:/Users/user/Ai%20PC%20builder/node_modules/vite/dist/node/chunks/node.js:9358:20)
    at NodeFsHandler._handleFile (file:///C:/Users/user/Ai%20PC%20builder/node_modules/vite/dist/node/chunks/node.js:9402:24)
    at NodeFsHandler._addToNodeFs (file:///C:/Users/user/Ai%20PC%20builder/node_modules/vite/dist/node/chunks/node.js:9576:26)
Emitted 'error' event on FSWatcher instance at:
    at FSWatcher._handleError (file:///C:/Users/user/Ai%20PC%20builder/node_modules/vite/dist/node/chunks/node.js:10375:146)
    at NodeFsHandler._addToNodeFs (file:///C:/Users/user/Ai%20PC%20builder/node_modules/vite/dist/node/chunks/node.js:9581:18) {
  errno: -4094,
  syscall: 'watch',
  code: 'UNKNOWN',
  path: 'C:\\Users\\user\\Ai PC builder\\.venv\\Lib\\site-packages\\pip\\_internal\\commands\\index.py',
  filename: 'C:\\Users\\user\\Ai PC builder\\.venv\\Lib\\site-packages\\pip\\_internal\\commands\\index.py'
}

Node.js v24.8.0
