Traceback (most recent call last):
  File "C:\Users\user\Ai PC builder\scraper\scrape_ryans.py", line 252, in <module>
    raise SystemExit(main())
                     ^^^^^^
  File "C:\Users\user\Ai PC builder\scraper\scrape_ryans.py", line 224, in main
    categories = discover_categories(page)
                 ^^^^^^^^^^^^^^^^^^^^^^^^^
  File "C:\Users\user\Ai PC builder\scraper\scrape_ryans.py", line 58, in discover_categories
    wait_for_catalog(page, 600)
  File "C:\Users\user\Ai PC builder\scraper\scrape_ryans.py", line 49, in wait_for_catalog
    page.wait_for_timeout(2_000)
  File "C:\Users\user\Ai PC builder\.venv\Lib\site-packages\playwright\sync_api\_generated.py", line 12529, in wait_for_timeout
    self._sync(
  File "C:\Users\user\Ai PC builder\.venv\Lib\site-packages\playwright\_impl\_sync_base.py", line 115, in _sync
    return task.result()
           ^^^^^^^^^^^^^
  File "C:\Users\user\Ai PC builder\.venv\Lib\site-packages\playwright\_impl\_page.py", line 1135, in wait_for_timeout
    await self._main_frame.wait_for_timeout(timeout)
  File "C:\Users\user\Ai PC builder\.venv\Lib\site-packages\playwright\_impl\_frame.py", line 916, in wait_for_timeout
    await self._channel.send("waitForTimeout", None, {"waitTimeout": timeout})
  File "C:\Users\user\Ai PC builder\.venv\Lib\site-packages\playwright\_impl\_connection.py", line 69, in send
    return await self._connection.wrap_api_call(
           ^^^^^^^^^^^^^^^^^^^^^^^^^^^^^^^^^^^^^
  File "C:\Users\user\Ai PC builder\.venv\Lib\site-packages\playwright\_impl\_connection.py", line 563, in wrap_api_call
    raise rewrite_error(error, f"{parsed_st['apiName']}: {error}") from None
playwright._impl._errors.TargetClosedError: Page.wait_for_timeout: Target page, context or browser has been closed
